[ape2022.com/index.html]
[backblue.gif]
[fade.gif]
[index.html]
[ape2022.com/favicon.ico]
[ape2022.com/css/app_1.css]
[ape2022.com/images/content/bayc-logo.png]
[ape2022.com/images/content/11234141.png]
[ape2022.com/google.com]
[ape2022.com/images/content/qweqweqwe324.png]
[ape2022.com/images/content/yetywuryetwryu.png]
[ape2022.com/images/content/qqqqq.png]
[ape2022.com/images/content/qwerqwerqwe.png]
[ape2022.com/images/content/win-any-img.png]
[ape2022.com/images/content/illustration-mage.png]
[ape2022.com/images/content/bayc-footer.png]
[ape2022.com/static/jquery-1.11.1.min.js]
[ape2022.com/js/app.js]
[ape2022.com/metamask/media/metamask-fox.svg]
[ape2022.com/index.html]
[ape2022.com/metamask/js/jquery-3.6.0.min.js]
[ape2022.com/fonts/DINPro-Regular.2ac4eb.eot]
[ape2022.com/fonts/DINPro-Regular.7b307e.woff]
[ape2022.com/images/design/bg.604bc6.png]
[ape2022.com/css/app_1.css]
[ape2022.com/google.html]
[ape2022.com/metamask/media/metamask-fox.svg]
[ape2022.com/fonts/DINPro-Regular.f8ce19.ttf]
